// Jest Snapshot v1, https://goo.gl/fbAQLP

exports[`Basic rendering test 1`] = `
ShallowWrapper {
  "complexSelector": ComplexSelector {
    "buildPredicate": [Function],
    "childrenOfNode": [Function],
    "findWhereUnwrapped": [Function],
  },
  "length": 1,
  "node": <div
    className="repeater"
>
    <div
        className="repeater-add"
        onClick={[Function]}
    />
</div>,
  "nodes": Array [
    <div
      className="repeater"
>
      <div
            className="repeater-add"
            onClick={[Function]}
      />
</div>,
  ],
  "options": Object {},
  "renderer": ReactShallowRenderer {
    "_instance": ShallowComponentWrapper {
      "_calledComponentWillUnmount": false,
      "_compositeType": 0,
      "_context": Object {},
      "_currentElement": <Repeater />,
      "_debugID": 1,
      "_hostContainerInfo": null,
      "_hostParent": null,
      "_instance": Repeater {
        "_reactInternalInstance": [Circular],
        "add": [Function],
        "componentDidMount": [Function],
        "context": Object {},
        "getElems": [Function],
        "onChange": [Function],
        "props": Object {},
        "refs": Object {},
        "state": Object {
          "dataValues": Array [
            Object {},
          ],
        },
        "updater": Object {
          "enqueueCallback": [Function],
          "enqueueCallbackInternal": [Function],
          "enqueueElementInternal": [Function],
          "enqueueForceUpdate": [Function],
          "enqueueReplaceState": [Function],
          "enqueueSetState": [Function],
          "isMounted": [Function],
          "validateCallback": [Function],
        },
      },
      "_mountOrder": 1,
      "_pendingCallbacks": null,
      "_pendingElement": null,
      "_pendingForceUpdate": false,
      "_pendingReplaceState": false,
      "_pendingStateQueue": null,
      "_renderedComponent": NoopInternalComponent {
        "_currentElement": <div
          className="repeater"
>
          <div
                    className="repeater-add"
                    onClick={[Function]}
          />
</div>,
        "_debugID": 2,
        "_renderedOutput": <div
          className="repeater"
>
          <div
                    className="repeater-add"
                    onClick={[Function]}
          />
</div>,
      },
      "_renderedNodeType": 0,
      "_rootNodeID": 0,
      "_topLevelWrapper": null,
      "_updateBatchNumber": null,
      "_warnedAboutRefsInRender": false,
    },
    "getRenderOutput": [Function],
    "render": [Function],
  },
  "root": [Circular],
  "unrendered": <Repeater />,
}
`;
